  Determining projects to restore...
  All projects are up-to-date for restore.
  CommonArchitecture.Core -> d:\My Archi\Core\src\CommonArchitecture.Core\bin\Debug\net9.0\CommonArchitecture.Core.dll
  CommonArchitecture.Application -> d:\My Archi\Core\src\CommonArchitecture.Application\bin\Debug\net9.0\CommonArchitecture.Application.dll
  CommonArchitecture.Infrastructure -> d:\My Archi\Core\src\CommonArchitecture.Infrastructure\bin\Debug\net9.0\CommonArchitecture.Infrastructure.dll
  CommonArchitecture.API -> d:\My Archi\Core\src\CommonArchitecture.API\bin\Debug\net9.0\CommonArchitecture.API.dll
  CommonArchitecture.IntegrationTests -> d:\My Archi\Core\src\tests\CommonArchitecture.IntegrationTests\bin\Debug\net9.0\CommonArchitecture.IntegrationTests.dll
Test run for d:\My Archi\Core\src\tests\CommonArchitecture.IntegrationTests\bin\Debug\net9.0\CommonArchitecture.IntegrationTests.dll (.NETCoreApp,Version=v9.0)
VSTest version 17.14.1 (x64)

Starting test execution, please wait...
A total of 1 test files matched the specified pattern.
dotnet : [xUnit.net 00:00:00.64]     CommonAr
chitecture.IntegrationTests.ProductsControlle
rTests.GetAll_ShouldReturnSuccessAndData 
[FAIL]
At line:1 char:1
+ dotnet test "d:\My Archi\Core\src\tests\Com
monArchitecture.Integratio ...
+ ~~~~~~~~~~~~~~~~~~~~~~~~~~~~~~~~~~~~~~~~~~~
~~~~~~~~~~~~~~~~~~~~~~~~~~
    + CategoryInfo          : NotSpecified:  
   ([xUnit.net 00:0...sAndData [FAIL]:Strin  
  g) [], RemoteException
    + FullyQualifiedErrorId : NativeCommandE 
   rror
 
  Failed CommonArchitecture.IntegrationTests.ProductsControllerTests.GetAll_ShouldReturnSuccessAndData [1 ms]
  Error Message:
   System.InvalidOperationException : JWT SecretKey not configured. Set it in User Secrets or Environment Variables.
  Stack Trace:
     at Program.<Main>$(String[] args) in d:\My Archi\Core\src\CommonArchitecture.API\Program.cs:line 72
   at System.RuntimeMethodHandle.InvokeMethod(Object target, Void** arguments, Signature sig, Boolean isConstructor)
   at System.Reflection.MethodBaseInvoker.InvokeDirectByRefWithFewArgs(Object obj, Span`1 copyOfArgs, BindingFlags invokeAttr)
--- End of stack trace from previous location ---
   at Microsoft.Extensions.Hosting.HostFactoryResolver.HostingListener.CreateHost()
   at Microsoft.Extensions.Hosting.HostFactoryResolver.<>c__DisplayClass10_0.<ResolveHostFactory>b__0(String[] args)
   at Microsoft.AspNetCore.Mvc.Testing.DeferredHostBuilder.Build()
   at Microsoft.AspNetCore.Mvc.Testing.WebApplicationFactory`1.CreateHost(IHostBuilder builder)
   at Microsoft.AspNetCore.Mvc.Testing.WebApplicationFactory`1.ConfigureHostBuilder(IHostBuilder hostBuilder)
   at Microsoft.AspNetCore.Mvc.Testing.WebApplicationFactory`1.EnsureServer()
   at Microsoft.AspNetCore.Mvc.Testing.WebApplicationFactory`1.CreateDefaultClient(DelegatingHandler[] handlers)
   at Microsoft.AspNetCore.Mvc.Testing.WebApplicationFactory`1.CreateDefaultClient(Uri baseAddress, DelegatingHandler[] handlers)
   at Microsoft.AspNetCore.Mvc.Testing.WebApplicationFactory`1.CreateClient(WebApplicationFactoryClientOptions options)
   at Microsoft.AspNetCore.Mvc.Testing.WebApplicationFactory`1.CreateClient()
   at CommonArchitecture.IntegrationTests.ProductsControllerTests..ctor(CustomWebApplicationFactory`1 factory) in d:\My Archi\Core\src\tests\CommonArchitecture.IntegrationTests\ProductsControllerTests.cs:line 19
   at System.RuntimeMethodHandle.InvokeMethod(Object target, Void** arguments, Signature sig, Boolean isConstructor)
   at System.Reflection.MethodBaseInvoker.InvokeDirectByRefWithFewArgs(Object obj, Span`1 copyOfArgs, BindingFlags invokeAttr)

Failed!  - Failed:     1, Passed:     1, Skipped:     0, Total:     2, Duration: 290 ms - CommonArchitecture.IntegrationTests.dll (net9.0)
